{
  "info" : {
    "title" : "PDF4k Server",
    "version" : "v0.0.1",
    "description" : "PDF4k Server API"
  },
  "tags" : [ ],
  "servers" : [ {
    "url" : "/",
    "description" : null
  } ],
  "paths" : {
    "/render" : {
      "post" : {
        "summary" : "Render a PDF",
        "description" : null,
        "tags" : [ "" ],
        "parameters" : [ ],
        "requestBody" : {
          "content" : {
            "application/json" : {
              "example" : null,
              "schema" : { }
            }
          },
          "required" : true
        },
        "responses" : {
          "200" : {
            "description" : "",
            "content" : { }
          }
        },
        "security" : [ ],
        "operationId" : "postRender",
        "deprecated" : false,
        "callbacks" : null
      }
    }
  },
  "webhooks" : null,
  "components" : {
    "schemas" : { },
    "securitySchemes" : { }
  },
  "openapi" : "3.0.0"
}